2026.06.28 16:08:55 INFO  Started: Metals version 1.6.7 in folders '/home/ms/Desktop/saarland_uni/sem2/SysArc/projects/project3/Project_3_-_Skeleton/project-three-main' for client Visual Studio Code 1.116.0.
2026.06.28 16:08:55 INFO  Memory monitor started
2026.06.28 16:08:57 WARN  Using H2 2.4.240 which is newer than the version Flyway has been verified with. The latest verified version of H2 is 2.3.232.
2026.06.28 16:08:57 INFO  no build target found for /home/ms/Desktop/saarland_uni/sem2/SysArc/projects/project3/Project_3_-_Skeleton/project-three-main/risc-v-processor/project/plugins.sbt. Using presentation compiler with project's scala-library version: 3.3.7
Jun 28, 2026 4:09:00 PM org.eclipse.lsp4j.jsonrpc.RemoteEndpoint handleCancellation
WARNING: Unmatched cancel notification for request id 2
Jun 28, 2026 4:09:00 PM org.eclipse.lsp4j.jsonrpc.RemoteEndpoint handleCancellation
WARNING: Unmatched cancel notification for request id 1
2026.06.28 16:09:00 INFO  no build target found for /home/ms/Desktop/saarland_uni/sem2/SysArc/projects/project3/Project_3_-_Skeleton/project-three-main/risc-v-processor/project/plugins.sbt. Using presentation compiler with project's scala-library version: 3.3.7
2026.06.28 16:09:04 INFO  running '/usr/bin/sbt -Dbloop.export-jar-classifiers=sources bloopInstall'
2026.06.28 16:09:05 ERROR [info] [launcher] getting org.scala-sbt sbt 1.10.7  (this may take some time)...
2026.06.28 16:09:12 ERROR [info] [launcher] getting Scala 2.12.20 (for sbt)...
2026.06.28 16:09:14 INFO  [info] welcome to sbt 1.10.7 (Ubuntu Java 21.0.7)
2026.06.28 16:09:18 INFO  [info] loading settings for project risc-v-simulation-server-build-build-build from metals.sbt...
2026.06.28 16:09:20 INFO  [info] loading project definition from /home/ms/Desktop/saarland_uni/sem2/SysArc/projects/project3/Project_3_-_Skeleton/project-three-main/risc-v-simulation-server/project/project/project
2026.06.28 16:09:24 INFO  [info] loading settings for project risc-v-simulation-server-build-build from metals.sbt...
2026.06.28 16:09:24 INFO  [info] loading project definition from /home/ms/Desktop/saarland_uni/sem2/SysArc/projects/project3/Project_3_-_Skeleton/project-three-main/risc-v-simulation-server/project/project
2026.06.28 16:09:29 INFO  [success] Generated .bloop/risc-v-simulation-server-build-build.json
2026.06.28 16:09:29 INFO  [success] Total time: 5 s, completed Jun 28, 2026, 4:09:29 PM
2026.06.28 16:09:31 INFO  [info] loading settings for project risc-v-simulation-server-build from metals.sbt, plugins.sbt...
2026.06.28 16:09:31 INFO  [info] loading project definition from /home/ms/Desktop/saarland_uni/sem2/SysArc/projects/project3/Project_3_-_Skeleton/project-three-main/risc-v-simulation-server/project
2026.06.28 16:09:43 INFO  [success] Generated .bloop/risc-v-simulation-server-build.json
2026.06.28 16:09:43 INFO  [success] Total time: 12 s, completed Jun 28, 2026, 4:09:43 PM
2026.06.28 16:09:51 INFO  [info] loading settings for project root from build.sbt...
2026.06.28 16:09:51 INFO  [info]   __              __
2026.06.28 16:09:51 INFO  [info]   \ \     ____   / /____ _ __  __
2026.06.28 16:09:51 INFO  [info]    \ \   / __ \ / // __ `// / / /
2026.06.28 16:09:51 INFO  [info]    / /  / /_/ // // /_/ // /_/ /
2026.06.28 16:09:51 INFO  [info]   /_/  / .___//_/ \__,_/ \__, /
2026.06.28 16:09:51 INFO  [info]       /_/               /____/
2026.06.28 16:09:51 INFO  [info] 
2026.06.28 16:09:51 INFO  [info] Version 3.0.0 running Java 21.0.7
2026.06.28 16:09:51 INFO  [info] 
2026.06.28 16:09:51 INFO  [info] Play is run entirely by the community. Please consider contributing and/or donating:
2026.06.28 16:09:51 INFO  [info] https://www.playframework.com/sponsors
2026.06.28 16:09:51 INFO  [info] 
2026.06.28 16:10:12 INFO  [success] Generated .bloop/root.json
2026.06.28 16:10:12 INFO  [success] Generated .bloop/root-test.json
2026.06.28 16:10:12 INFO  [success] Total time: 21 s, completed Jun 28, 2026, 4:10:12 PM
2026.06.28 16:10:13 INFO  time: ran 'sbt bloopInstall' in 1m8s
2026.06.28 16:10:13 INFO  Attempting to connect to the build server...
2026.06.28 16:10:13 INFO  No running Bloop server found, starting one.
2026.06.28 16:10:14 INFO  Starting compilation server
2026.06.28 16:10:16 INFO  tracing is disabled for protocol BSP, to enable tracing of incoming and outgoing JSON messages create an empty file at /home/ms/Desktop/saarland_uni/sem2/SysArc/projects/project3/Project_3_-_Skeleton/project-three-main/.metals/bsp.trace.json or /home/ms/.cache/metals/bsp.trace.json
2026.06.28 16:10:21 INFO  time: Connected to build server in 8.28s
2026.06.28 16:10:21 INFO  Connected to Build server: Bloop v2.0.19
2026.06.28 16:10:21 INFO  time: Imported build in 0.44s
2026.06.28 16:10:29 WARN  Could not find java sources in /usr/lib/jvm/src.zip, /usr/lib/jvm/lib/src.zip, /usr/lib/jvm/java-21-openjdk-amd64/src.zip, /usr/lib/jvm/java-21-openjdk-amd64/lib/src.zip. Java symbols will not be available.
2026.06.28 16:10:52 INFO  time: indexed workspace in 30s
2026.06.28 16:10:52 INFO  no build target found for /home/ms/Desktop/saarland_uni/sem2/SysArc/projects/project3/Project_3_-_Skeleton/project-three-main/risc-v-processor/project/plugins.sbt. Using presentation compiler with project's scala-library version: 2.13.15
2026.06.28 16:10:52 WARN  no build target for: /home/ms/Desktop/saarland_uni/sem2/SysArc/projects/project3/Project_3_-_Skeleton/project-three-main/risc-v-processor/project/plugins.sbt
